Module: github.com/brianstrauch/gold/tests
Configuration: .gold.yml
tests/F001/1_test.go:3:11: redundant parameter type "int" (F001)
tests/F001/1_test.go:4:18: redundant parameter type "string" (F001)
tests/F001/1_test.go:5:14: redundant parameter type "string" (F001)
tests/F002/1_test.go:6:2: unsorted import "fmt" (F002)
